#-----------------------------------------------------------
# Vivado v2018.1 (64-bit)
# SW Build 2188600 on Wed Apr  4 18:40:38 MDT 2018
# IP Build 2185939 on Wed Apr  4 20:55:05 MDT 2018
# Start of session at: Sat Dec  7 18:48:42 2019
# Process ID: 9008
# Current directory: D:/Vivado2018_wrk/axi_spi_xcross
# Command line: vivado.exe -gui_launcher_event rodinguilauncherevent8196 D:\Vivado2018_wrk\axi_spi_xcross\axi_spi.xpr
# Log file: D:/Vivado2018_wrk/axi_spi_xcross/vivado.log
# Journal file: D:/Vivado2018_wrk/axi_spi_xcross\vivado.jou
#-----------------------------------------------------------
start_gui
open_project D:/Vivado2018_wrk/axi_spi_xcross/axi_spi.xpr
open_hw
connect_hw_server
open_hw_target
update_compile_order -fileset sources_1
set_property PROBES.FILE {D:/Vivado2018_wrk/axi_spi_xcross/axi_spi.runs/impl_1/axi_spi_top_wrapper.ltx} [get_hw_devices xc7k325t_0]
set_property FULL_PROBES.FILE {D:/Vivado2018_wrk/axi_spi_xcross/axi_spi.runs/impl_1/axi_spi_top_wrapper.ltx} [get_hw_devices xc7k325t_0]
set_property PROGRAM.FILE {D:/Vivado2018_wrk/axi_spi_xcross/axi_spi.runs/impl_1/axi_spi_top_wrapper.bit} [get_hw_devices xc7k325t_0]
program_hw_devices [get_hw_devices xc7k325t_0]
refresh_hw_device [lindex [get_hw_devices xc7k325t_0] 0]
create_hw_cfgmem -hw_device [lindex [get_hw_devices] 0] -mem_dev [lindex [get_cfgmem_parts {mt25ql128-spi-x1_x2_x4}] 0]
